Differing Output
With command line arguments 1 2 3 4 5, get differing output in:
Exit Status
Program Output
With command line arguments 10 -5 20 -10, get differing output in:
Exit Status
Program Output
With command line arguments -1 -2 -3, get differing output in:
Exit Status
Program Output
With command line arguments +5 +10 +15, get differing output in:
Exit Status
Program Output
With command line arguments 999999 1, get differing output in:
Exit Status
Program Output
With command line arguments -1000 500 250 250, get differing output in:
Exit Status
Program Output
With command line arguments 1 a 3, get differing output in:
Error Output
Exit Status
With command line arguments 5, get differing output in:
Exit Status
Program Output
With command line arguments 1000000000 2000000000, get differing output in:
Exit Status
Program Output
With command line arguments -2147483648 0 2147483647, get differing output in:
Exit Status
Program Output
