----------------
Test Case 1
Command Line Arguments:
3 -2 5 -1

Program Output:
6

Error Output:
None.

Exit Status:
0

----------------
Test Case 2
Command Line Arguments:
-4 -2 -7 -1

Program Output:
-1

Error Output:
None.

Exit Status:
0

----------------
Test Case 3
Command Line Arguments:
1

Program Output:
1

Error Output:
None.

Exit Status:
0

----------------
Test Case 4
Command Line Arguments:
100 200 300

Program Output:
600

Error Output:
None.

Exit Status:
0

----------------
Test Case 5
Command Line Arguments:
-1 -2 -3 -4 -5

Program Output:
-1

Error Output:
None.

Exit Status:
0

----------------
Test Case 6
Command Line Arguments:
5 -1 5 -1 5 -1

Program Output:
13

Error Output:
None.

Exit Status:
0

----------------
Test Case 7
Command Line Arguments:
10 -3 4 -2 -1 6 -10 3

Program Output:
14

Error Output:
None.

Exit Status:
0

----------------
Test Case 8
Command Line Arguments:
999999 -1000000 500000 -1

Program Output:
999999

Error Output:
None.

Exit Status:
0

----------------
Test Case 9
Command Line Arguments:
0 0 0 0 0

Program Output:
0

Error Output:
None.

Exit Status:
0

----------------
Test Case 10
Command Line Arguments:
7 7 7 7 7

Program Output:
35

Error Output:
None.

Exit Status:
0

----------------
Test Case 11
Command Line Arguments:
-5 10 -3 2 -1 4 -2 1

Program Output:
12

Error Output:
None.

Exit Status:
0

----------------
Test Case 12
Command Line Arguments:
-5 -5 -5 20 -1 -1 -1

Program Output:
20

Error Output:
None.

Exit Status:
0

----------------
Test Case 13
Command Line Arguments:
12 -1 -1 -1 -1 12

Program Output:
20

Error Output:
None.

Exit Status:
0

----------------
Test Case 14
Command Line Arguments:
-100 50 40 -90 200

Program Output:
200

Error Output:
None.

Exit Status:
0

----------------
Test Case 15
Command Line Arguments:
123 -23 123 -23 123 -23 123 -23

Program Output:
423

Error Output:
None.

Exit Status:
0

----------------
Test Case 16
Command Line Arguments:
-2147483648

Program Output:
-2147483648

Error Output:
None.

Exit Status:
0

----------------
Test Case 17
Command Line Arguments:
2147483647 -1

Program Output:
2147483647

Error Output:
None.

Exit Status:
0

----------------
Test Case 18
Command Line Arguments:
-1 2147483647

Program Output:
2147483647

Error Output:
None.

Exit Status:
0

----------------
Test Case 19
Command Line Arguments:
9 -2 3 -6 7 -1 4 -8 9

Program Output:
15

Error Output:
None.

Exit Status:
0

