----------------
Test Case 1
Command Line Arguments:
2 20 4 10 3 4 5

Program Output:
4

Error Output:
None.

Exit Status:
0

----------------
Test Case 2
Command Line Arguments:
0 3 2 5 4 6 1 1

Program Output:
7

Error Output:
None.

Exit Status:
0

----------------
Test Case 3
Command Line Arguments:
1 2 2 3 4 5 5

Program Output:
5

Error Output:
None.

Exit Status:
0

----------------
Test Case 4
Command Line Arguments:
1 2 3 4 5 6

Program Output:
6

Error Output:
None.

Exit Status:
0

----------------
Test Case 5
Command Line Arguments:
6 5 4 3 2 1

Program Output:
6

Error Output:
None.

Exit Status:
0

----------------
Test Case 6
Command Line Arguments:
10 30 11 12 20 21 22 13 14

Program Output:
5

Error Output:
None.

Exit Status:
0

----------------
Test Case 7
Command Line Arguments:


Program Output:
0

Error Output:
None.

Exit Status:
0

----------------
Test Case 8
Command Line Arguments:
-3 -2 -1 0 1 2

Program Output:
6

Error Output:
None.

Exit Status:
0

----------------
Test Case 9
Command Line Arguments:
-2 -1 1 2 3

Program Output:
3

Error Output:
None.

Exit Status:
0

----------------
Test Case 10
Command Line Arguments:
5

Program Output:
1

Error Output:
None.

Exit Status:
0

----------------
Test Case 11
Command Line Arguments:
1 10

Program Output:
1

Error Output:
None.

Exit Status:
0

----------------
Test Case 12
Command Line Arguments:
1 2 3 10 11 12 20 21

Program Output:
3

Error Output:
None.

Exit Status:
0

----------------
Test Case 13
Command Line Arguments:
1 1 2 2 5 6 7 7 8 9 20 20 21

Program Output:
5

Error Output:
None.

Exit Status:
0

----------------
Test Case 14
Command Line Arguments:
1 2 three 4 5

Program Output:

Error Output:
Error: command line argument not an integer


Exit Status:
1

----------------
Test Case 15
Command Line Arguments:
9 9 9 9 9

Program Output:
1

Error Output:
None.

Exit Status:
0

----------------
Test Case 16
Command Line Arguments:
1 100 2 99 3 98 4 97

Program Output:
4

Error Output:
None.

Exit Status:
0

----------------
Test Case 17
Command Line Arguments:
10 11 12 13 50 51 52 53 54 55 100

Program Output:
6

Error Output:
None.

Exit Status:
0

----------------
Test Case 18
Command Line Arguments:
-3 -2 -1 0 1 2 3

Program Output:
7

Error Output:
None.

Exit Status:
0

----------------
Test Case 19
Command Line Arguments:
5 1000 2000 3000 4000

Program Output:
1

Error Output:
None.

Exit Status:
0

----------------
Test Case 20
Command Line Arguments:
4 5 5 6 7 8 8 9

Program Output:
6

Error Output:
None.

Exit Status:
0

----------------
Test Case 21
Command Line Arguments:
-5 -4 -3 -2 -1 0 1 2

Program Output:
8

Error Output:
None.

Exit Status:
0

