----------------
Test Case 1
Command Line Arguments:
a b c d

Program Output:
a b c d

Error Output:
None.

Exit Status:
0

----------------
Test Case 2
Command Line Arguments:
hello world

Program Output:
hello world

Error Output:
None.

Exit Status:
0

----------------
Test Case 3
Command Line Arguments:
"" ''

Program Output:
"" ''

Error Output:
None.

Exit Status:
0

----------------
Test Case 4
Command Line Arguments:
mix3d words 42with numbers

Program Output:
mix3d words 42with numbers

Error Output:
None.

Exit Status:
0

----------------
Test Case 5
Command Line Arguments:
symbols !@#$%^

Program Output:
symbols !@#$%

Error Output:
None.

Exit Status:
0

----------------
Test Case 6
Command Line Arguments:
supercalifragilisticexpialidocious tiny

Program Output:
supercalifragilisticexpialidocious tiny

Error Output:
None.

Exit Status:
0

----------------
Test Case 7
Command Line Arguments:
"abc->67"

Program Output:
"abc->67"

Error Output:
None.

Exit Status:
0

