----------------
Test Case 1
Command Line Arguments:
3 4 5 1 2

Program Output:
2

Error Output:
None.

Exit Status:
0

----------------
Test Case 2
Command Line Arguments:
1 2 3 4 5

Program Output:
0

Error Output:
None.

Exit Status:
0

----------------
Test Case 3
Command Line Arguments:
5 1 2 3 4

Program Output:
4

Error Output:
None.

Exit Status:
0

----------------
Test Case 4
Command Line Arguments:
10 20 30 40 50

Program Output:
0

Error Output:
None.

Exit Status:
0

----------------
Test Case 5
Command Line Arguments:
2 1

Program Output:
1

Error Output:
None.

Exit Status:
0

----------------
Test Case 6
Command Line Arguments:
4 3 2 1

Program Output:
-1

Error Output:
None.

Exit Status:
0

----------------
Test Case 7
Command Line Arguments:
9 12 15 3 6

Program Output:
2

Error Output:
None.

Exit Status:
0

----------------
Test Case 8
Command Line Arguments:
7 1 2 3 4 5 6

Program Output:
6

Error Output:
None.

Exit Status:
0

----------------
Test Case 9
Command Line Arguments:
100 1 2 3 4

Program Output:
4

Error Output:
None.

Exit Status:
0

----------------
Test Case 10
Command Line Arguments:
12 9 6 3

Program Output:
-1

Error Output:
None.

Exit Status:
0

----------------
Test Case 11
Command Line Arguments:
99 1

Program Output:
1

Error Output:
None.

Exit Status:
0

----------------
Test Case 12
Command Line Arguments:
8 9 10 11 12 3 4 5 6 7

Program Output:
5

Error Output:
None.

Exit Status:
0

----------------
Test Case 13
Command Line Arguments:
15 16 17 18 19 20 10 11 12 13 14

Program Output:
5

Error Output:
None.

Exit Status:
0

----------------
Test Case 14
Command Line Arguments:
1 3 2

Program Output:
-1

Error Output:
None.

Exit Status:
0

----------------
Test Case 15
Command Line Arguments:
50 40 30 20 10

Program Output:
-1

Error Output:
None.

Exit Status:
0

----------------
Test Case 16
Command Line Arguments:
101 102 103 1 2 3

Program Output:
3

Error Output:
None.

Exit Status:
0

----------------
Test Case 17
Command Line Arguments:
3 1 2

Program Output:
2

Error Output:
None.

Exit Status:
0

----------------
Test Case 18
Command Line Arguments:
9 8 7 6 5 4 3 2 1

Program Output:
-1

Error Output:
None.

Exit Status:
0

----------------
Test Case 19
Command Line Arguments:
12345

Program Output:
0

Error Output:
None.

Exit Status:
0

----------------
Test Case 20
Command Line Arguments:
0003 4 5

Program Output:
Invalid input

Error Output:
None.

Exit Status:
1

----------------
Test Case 21
Command Line Arguments:
3 04 5

Program Output:
Invalid input

Error Output:
None.

Exit Status:
1

----------------
Test Case 22
Command Line Arguments:
-1 2 3

Program Output:
Invalid input

Error Output:
None.

Exit Status:
1

----------------
Test Case 23
Command Line Arguments:
3 x 5

Program Output:
Invalid input

Error Output:
None.

Exit Status:
1

----------------
Test Case 24
Command Line Arguments:
3 5 2147483648

Program Output:
0

Error Output:
None.

Exit Status:
0

----------------
Test Case 25
Command Line Arguments:
3 5 0

Program Output:
Invalid input

Error Output:
None.

Exit Status:
1

----------------
Test Case 26
Command Line Arguments:
3 "" 5

Program Output:
Invalid input

Error Output:
None.

Exit Status:
1

----------------
Test Case 27
Command Line Arguments:
3 5 "7"

Program Output:
Invalid input

Error Output:
None.

Exit Status:
1

----------------
Test Case 28
Command Line Arguments:
3 5 07

Program Output:
Invalid input

Error Output:
None.

Exit Status:
1

