----------------
Test Case 1
Command Line Arguments:
3 4 5 6 1 2

Program Output:
1

Error Output:
None.

Exit Status:
0

----------------
Test Case 2
Command Line Arguments:
1

Program Output:
1

Error Output:
None.

Exit Status:
0

----------------
Test Case 3
Command Line Arguments:
2 3 4 5 6 7

Program Output:
2

Error Output:
None.

Exit Status:
0

----------------
Test Case 4
Command Line Arguments:
10 20 30 40 5

Program Output:
5

Error Output:
None.

Exit Status:
0

----------------
Test Case 5
Command Line Arguments:
5 6 7 8 9 1 2 3 4

Program Output:
1

Error Output:
None.

Exit Status:
0

----------------
Test Case 6
Command Line Arguments:
100 200 300 400 500 50

Program Output:
50

Error Output:
None.

Exit Status:
0

----------------
Test Case 7
Command Line Arguments:
9 1 2 3 4 5 6 7 8

Program Output:
1

Error Output:
None.

Exit Status:
0

----------------
Test Case 8
Command Line Arguments:
12 13 14 2 3 4 5 6 7 8 9 10 11

Program Output:
2

Error Output:
None.

Exit Status:
0

----------------
Test Case 9
Command Line Arguments:
-10 -5 -2 0 1 3 -20 -15

Program Output:
-20

Error Output:
None.

Exit Status:
0

----------------
Test Case 10
Command Line Arguments:
2147483640 2147483641 -2147483648 -5 -1 0

Program Output:
-2147483648

Error Output:
None.

Exit Status:
0

----------------
Test Case 11
Command Line Arguments:
8 9 10 11 12 1

Program Output:
1

Error Output:
None.

Exit Status:
0

----------------
Test Case 12
Command Line Arguments:
-1 -2 -3 -10 -20 -30 -40 -50

Program Output:
-50

Error Output:
None.

Exit Status:
0

----------------
Test Case 13
Command Line Arguments:
-50 -40 -30 -20 -10 -3 -2 -1

Program Output:
-50

Error Output:
None.

Exit Status:
0

----------------
Test Case 14
Command Line Arguments:
999 1000 500

Program Output:
500

Error Output:
None.

Exit Status:
0

----------------
Test Case 15
Command Line Arguments:


Program Output:

Error Output:
None.

Exit Status:
0

----------------
Test Case 16
Command Line Arguments:
500 600 700 100

Program Output:
100

Error Output:
None.

Exit Status:
0

----------------
Test Case 17
Command Line Arguments:
42

Program Output:
42

Error Output:
None.

Exit Status:
0

----------------
Test Case 18
Command Line Arguments:
100 200 300 400 500 600 700 800 50

Program Output:
50

Error Output:
None.

Exit Status:
0

----------------
Test Case 19
Command Line Arguments:
1 2 3 4 5 6 7 8 9 10

Program Output:
1

Error Output:
None.

Exit Status:
0

----------------
Test Case 20
Command Line Arguments:
5 4 3 2 1

Program Output:
1

Error Output:
None.

Exit Status:
0

----------------
Test Case 21
Command Line Arguments:
abc 123

Program Output:
INVALID INTEGER

Error Output:
None.

Exit Status:
1

----------------
Test Case 22
Command Line Arguments:
12 13 14 15x 17

Program Output:
INVALID INTEGER

Error Output:
None.

Exit Status:
1

----------------
Test Case 23
Command Line Arguments:
2147483648

Program Output:
INVALID INTEGER

Error Output:
None.

Exit Status:
1

----------------
Test Case 24
Command Line Arguments:
-2147483649

Program Output:
INVALID INTEGER

Error Output:
None.

Exit Status:
1

