----------------
Test Case 1
Command Line Arguments:
-1 0 1 2 -1 -4

Program Output:
-1 -1 2
-1 0 1
TIME_MS: 0

Error Output:
None.

Exit Status:
0

----------------
Test Case 2
Command Line Arguments:
0 0 0

Program Output:
0 0 0
TIME_MS: 0

Error Output:
None.

Exit Status:
0

----------------
Test Case 3
Command Line Arguments:
1 2 3 4 5

Program Output:
TIME_MS: 0

Error Output:
None.

Exit Status:
0

----------------
Test Case 4
Command Line Arguments:
-2 0 1 1 2 -1 -4 3

Program Output:
-4 1 3
-2 -1 3
-2 0 2
-2 1 1
-1 0 1
TIME_MS: 0

Error Output:
None.

Exit Status:
0

----------------
Test Case 5
Command Line Arguments:
1000000 -1000000 0

Program Output:
-1000000 0 1000000
TIME_MS: 0

Error Output:
None.

Exit Status:
0

----------------
Test Case 6
Command Line Arguments:
-1 -1 -1 2 2

Program Output:
-1 -1 2
TIME_MS: 0

Error Output:
None.

Exit Status:
0

----------------
Test Case 7
Command Line Arguments:
5 -5 10 -10 0

Program Output:
-10 0 10
-5 0 5
TIME_MS: 0

Error Output:
None.

Exit Status:
0

----------------
Test Case 8
Command Line Arguments:
1 -1 2 -2 3 -3 4 -4

Program Output:
-4 1 3
-3 -1 4
-3 1 2
-2 -1 3
TIME_MS: 0

Error Output:
None.

Exit Status:
0

----------------
Test Case 9
Command Line Arguments:
9 -3 -6 0 3

Program Output:
-6 -3 9
-3 0 3
TIME_MS: 0

Error Output:
None.

Exit Status:
0

----------------
Test Case 10
Command Line Arguments:
-2 -2 4 0 0

Program Output:
-2 -2 4
TIME_MS: 0

Error Output:
None.

Exit Status:
0

----------------
Test Case 11
Command Line Arguments:
50 -50 25 -25 0 100 -100

Program Output:
-100 0 100
-50 0 50
-25 0 25
TIME_MS: 0

Error Output:
None.

Exit Status:
0

----------------
Test Case 12
Command Line Arguments:
7 7 -14 0 -7 7 0

Program Output:
-14 7 7
-7 0 7
TIME_MS: 0

Error Output:
None.

Exit Status:
0

----------------
Test Case 13
Command Line Arguments:
100 200 -300 0 -100 100 -200

Program Output:
-300 100 200
-200 0 200
-200 100 100
-100 0 100
TIME_MS: 0

Error Output:
None.

Exit Status:
0

----------------
Test Case 14
Command Line Arguments:
3 -1 -7 5 9 -8 -4 1

Program Output:
-8 -1 9
-8 3 5
-4 -1 5
-4 1 3
TIME_MS: 0

Error Output:
None.

Exit Status:
0

----------------
Test Case 15
Command Line Arguments:
1 1 1 1 1 1

Program Output:
TIME_MS: 0

Error Output:
None.

Exit Status:
0

----------------
Test Case 16
Command Line Arguments:
-5 -4 -3 -2 -1 0 1 2 3 4 5

Program Output:
-5 0 5
-5 1 4
-5 2 3
-4 -1 5
-4 0 4
-4 1 3
-3 -2 5
-3 -1 4
-3 0 3
-3 1 2
-2 -1 3
-2 0 2
-1 0 1
TIME_MS: 0

Error Output:
None.

Exit Status:
0

----------------
Test Case 17
Command Line Arguments:
99999 -99999 12345 -12345 0

Program Output:
-99999 0 99999
-12345 0 12345
TIME_MS: 0

Error Output:
None.

Exit Status:
0

----------------
Test Case 18
Command Line Arguments:
10 20 30 40 -60 -10

Program Output:
-60 20 40
TIME_MS: 0

Error Output:
None.

Exit Status:
0

----------------
Test Case 19
Command Line Arguments:
17 -17 0 34 -34 51 -51

Program Output:
-51 0 51
-51 17 34
-34 -17 51
-34 0 34
-17 0 17
TIME_MS: 0

Error Output:
None.

Exit Status:
0

----------------
Test Case 20
Command Line Arguments:
4 -2 -2 0 2 -4 6 -6

Program Output:
-6 0 6
-6 2 4
-4 -2 6
-4 0 4
-2 -2 4
-2 0 2
TIME_MS: 0

Error Output:
None.

Exit Status:
0

----------------
Test Case 21
Command Line Arguments:
8 -8 4 -4 2 -2 1 -1 0

Program Output:
-8 0 8
-4 0 4
-2 0 2
-1 0 1
TIME_MS: 0

Error Output:
None.

Exit Status:
0

